---
source: src/tests/mod.rs
expression: checked_main_package
input_file: src/tests/sources/runtime/assignment_via_pointer.scl
---
CheckedPackage {
    package_id: ModuleId(
        3,
    ),
    units: [
        CheckedTranslationUnit {
            procs: [
                CheckedProc {
                    name: "main",
                    type_id: TypeId(
                        10,
                    ),
                    body: CheckedBlock {
                        stmts: [
                            VariableDeclaration {
                                stack_slot: StackSlotId(
                                    0,
                                ),
                                value: CheckedExpr {
                                    type_id: TypeId(
                                        2,
                                    ),
                                    lvalue: false,
                                    kind: Number(
                                        10,
                                    ),
                                },
                            },
                            VariableDeclaration {
                                stack_slot: StackSlotId(
                                    1,
                                ),
                                value: CheckedExpr {
                                    type_id: TypeId(
                                        11,
                                    ),
                                    lvalue: false,
                                    kind: AddressOf {
                                        expr: CheckedExpr {
                                            type_id: TypeId(
                                                2,
                                            ),
                                            lvalue: true,
                                            kind: StackValue(
                                                StackSlotId(
                                                    0,
                                                ),
                                            ),
                                        },
                                    },
                                },
                            },
                            Expr(
                                CheckedExpr {
                                    type_id: TypeId(
                                        2,
                                    ),
                                    lvalue: false,
                                    kind: Assignment {
                                        lhs: CheckedExpr {
                                            type_id: TypeId(
                                                2,
                                            ),
                                            lvalue: true,
                                            kind: Deref {
                                                type_id: TypeId(
                                                    11,
                                                ),
                                                expr: CheckedExpr {
                                                    type_id: TypeId(
                                                        11,
                                                    ),
                                                    lvalue: true,
                                                    kind: StackValue(
                                                        StackSlotId(
                                                            1,
                                                        ),
                                                    ),
                                                },
                                                stack_slot: StackSlotId(
                                                    2,
                                                ),
                                            },
                                        },
                                        rhs: CheckedExpr {
                                            type_id: TypeId(
                                                2,
                                            ),
                                            lvalue: false,
                                            kind: Number(
                                                20,
                                            ),
                                        },
                                    },
                                },
                            ),
                            Expr(
                                CheckedExpr {
                                    type_id: TypeId(
                                        3,
                                    ),
                                    lvalue: true,
                                    kind: DirectCall {
                                        name: "printf",
                                        params: [
                                            CheckedExpr {
                                                type_id: TypeId(
                                                    4,
                                                ),
                                                lvalue: false,
                                                kind: String(
                                                    "a = %d\\n",
                                                ),
                                            },
                                            CheckedExpr {
                                                type_id: TypeId(
                                                    2,
                                                ),
                                                lvalue: true,
                                                kind: StackValue(
                                                    StackSlotId(
                                                        0,
                                                    ),
                                                ),
                                            },
                                        ],
                                        variadic_after: Some(
                                            1,
                                        ),
                                        stack_slot: StackSlotId(
                                            3,
                                        ),
                                    },
                                },
                            ),
                            VariableDeclaration {
                                stack_slot: StackSlotId(
                                    5,
                                ),
                                value: CheckedExpr {
                                    type_id: TypeId(
                                        9,
                                    ),
                                    lvalue: false,
                                    kind: StructInstantiation {
                                        name: "Thing",
                                        stack_slot: StackSlotId(
                                            4,
                                        ),
                                        fields: [
                                            (
                                                "value",
                                                CheckedExpr {
                                                    type_id: TypeId(
                                                        2,
                                                    ),
                                                    lvalue: false,
                                                    kind: Number(
                                                        30,
                                                    ),
                                                },
                                            ),
                                        ],
                                    },
                                },
                            },
                            VariableDeclaration {
                                stack_slot: StackSlotId(
                                    6,
                                ),
                                value: CheckedExpr {
                                    type_id: TypeId(
                                        12,
                                    ),
                                    lvalue: false,
                                    kind: AddressOf {
                                        expr: CheckedExpr {
                                            type_id: TypeId(
                                                9,
                                            ),
                                            lvalue: true,
                                            kind: StackValue(
                                                StackSlotId(
                                                    5,
                                                ),
                                            ),
                                        },
                                    },
                                },
                            },
                            Expr(
                                CheckedExpr {
                                    type_id: TypeId(
                                        9,
                                    ),
                                    lvalue: false,
                                    kind: Assignment {
                                        lhs: CheckedExpr {
                                            type_id: TypeId(
                                                9,
                                            ),
                                            lvalue: true,
                                            kind: Deref {
                                                type_id: TypeId(
                                                    12,
                                                ),
                                                expr: CheckedExpr {
                                                    type_id: TypeId(
                                                        12,
                                                    ),
                                                    lvalue: true,
                                                    kind: StackValue(
                                                        StackSlotId(
                                                            6,
                                                        ),
                                                    ),
                                                },
                                                stack_slot: StackSlotId(
                                                    7,
                                                ),
                                            },
                                        },
                                        rhs: CheckedExpr {
                                            type_id: TypeId(
                                                9,
                                            ),
                                            lvalue: false,
                                            kind: StructInstantiation {
                                                name: "Thing",
                                                stack_slot: StackSlotId(
                                                    8,
                                                ),
                                                fields: [
                                                    (
                                                        "value",
                                                        CheckedExpr {
                                                            type_id: TypeId(
                                                                2,
                                                            ),
                                                            lvalue: false,
                                                            kind: Number(
                                                                40,
                                                            ),
                                                        },
                                                    ),
                                                ],
                                            },
                                        },
                                    },
                                },
                            ),
                            Expr(
                                CheckedExpr {
                                    type_id: TypeId(
                                        3,
                                    ),
                                    lvalue: true,
                                    kind: DirectCall {
                                        name: "printf",
                                        params: [
                                            CheckedExpr {
                                                type_id: TypeId(
                                                    4,
                                                ),
                                                lvalue: false,
                                                kind: String(
                                                    "c.value = %d\\n",
                                                ),
                                            },
                                            CheckedExpr {
                                                type_id: TypeId(
                                                    2,
                                                ),
                                                lvalue: true,
                                                kind: MemberAccess {
                                                    lhs: CheckedExpr {
                                                        type_id: TypeId(
                                                            9,
                                                        ),
                                                        lvalue: true,
                                                        kind: StackValue(
                                                            StackSlotId(
                                                                5,
                                                            ),
                                                        ),
                                                    },
                                                    name: "value",
                                                },
                                            },
                                        ],
                                        variadic_after: Some(
                                            1,
                                        ),
                                        stack_slot: StackSlotId(
                                            9,
                                        ),
                                    },
                                },
                            ),
                        ],
                        last: Some(
                            CheckedExpr {
                                type_id: TypeId(
                                    2,
                                ),
                                lvalue: false,
                                kind: Number(
                                    0,
                                ),
                            },
                        ),
                        type_id: TypeId(
                            2,
                        ),
                    },
                    params: [],
                    return_type: TypeId(
                        2,
                    ),
                    stack_slots: StackSlots {
                        slots: [
                            TypeId(
                                2,
                            ),
                            TypeId(
                                11,
                            ),
                            TypeId(
                                11,
                            ),
                            TypeId(
                                3,
                            ),
                            TypeId(
                                9,
                            ),
                            TypeId(
                                9,
                            ),
                            TypeId(
                                12,
                            ),
                            TypeId(
                                12,
                            ),
                            TypeId(
                                9,
                            ),
                            TypeId(
                                3,
                            ),
                        ],
                    },
                },
            ],
        },
    ],
}
