---
source: src/tests/mod.rs
expression: expr
input_file: src/tests/sources/parse_stmt/let.scl
---
Stmt {
    span: SourceSpan {
        offset: SourceOffset(
            0,
        ),
        length: 10,
    },
    kind: VariableDeclaration {
        name: Ident {
            name: "a",
            span: SourceSpan {
                offset: SourceOffset(
                    4,
                ),
                length: 1,
            },
        },
        value: Expr {
            span: SourceSpan {
                offset: SourceOffset(
                    8,
                ),
                length: 2,
            },
            kind: Number(
                "58",
            ),
        },
    },
}
