---
source: src/tests/mod.rs
expression: checked_main_package
input_file: src/tests/sources/runtime/comparison.scl
---
CheckedPackage {
    package_id: ModuleId(
        3,
    ),
    units: [
        CheckedTranslationUnit {
            procs: [
                CheckedProc {
                    name: "main",
                    type_id: TypeId(
                        9,
                    ),
                    body: CheckedBlock {
                        stmts: [
                            Expr(
                                CheckedExpr {
                                    type_id: TypeId(
                                        3,
                                    ),
                                    lvalue: true,
                                    kind: DirectCall {
                                        name: "printf",
                                        params: [
                                            CheckedExpr {
                                                type_id: TypeId(
                                                    4,
                                                ),
                                                lvalue: false,
                                                kind: String(
                                                    "9 < 10 = %d\\n",
                                                ),
                                            },
                                            CheckedExpr {
                                                type_id: TypeId(
                                                    1,
                                                ),
                                                lvalue: false,
                                                kind: BinOp {
                                                    lhs: CheckedExpr {
                                                        type_id: TypeId(
                                                            2,
                                                        ),
                                                        lvalue: false,
                                                        kind: Number(
                                                            9,
                                                        ),
                                                    },
                                                    op: LessThan,
                                                    rhs: CheckedExpr {
                                                        type_id: TypeId(
                                                            2,
                                                        ),
                                                        lvalue: false,
                                                        kind: Number(
                                                            10,
                                                        ),
                                                    },
                                                },
                                            },
                                        ],
                                        variadic_after: Some(
                                            1,
                                        ),
                                        stack_slot: StackSlotId(
                                            0,
                                        ),
                                    },
                                },
                            ),
                            Expr(
                                CheckedExpr {
                                    type_id: TypeId(
                                        3,
                                    ),
                                    lvalue: true,
                                    kind: DirectCall {
                                        name: "printf",
                                        params: [
                                            CheckedExpr {
                                                type_id: TypeId(
                                                    4,
                                                ),
                                                lvalue: false,
                                                kind: String(
                                                    "10 < 10 = %d\\n",
                                                ),
                                            },
                                            CheckedExpr {
                                                type_id: TypeId(
                                                    1,
                                                ),
                                                lvalue: false,
                                                kind: BinOp {
                                                    lhs: CheckedExpr {
                                                        type_id: TypeId(
                                                            2,
                                                        ),
                                                        lvalue: false,
                                                        kind: Number(
                                                            10,
                                                        ),
                                                    },
                                                    op: LessThan,
                                                    rhs: CheckedExpr {
                                                        type_id: TypeId(
                                                            2,
                                                        ),
                                                        lvalue: false,
                                                        kind: Number(
                                                            10,
                                                        ),
                                                    },
                                                },
                                            },
                                        ],
                                        variadic_after: Some(
                                            1,
                                        ),
                                        stack_slot: StackSlotId(
                                            1,
                                        ),
                                    },
                                },
                            ),
                            Expr(
                                CheckedExpr {
                                    type_id: TypeId(
                                        3,
                                    ),
                                    lvalue: true,
                                    kind: DirectCall {
                                        name: "printf",
                                        params: [
                                            CheckedExpr {
                                                type_id: TypeId(
                                                    4,
                                                ),
                                                lvalue: false,
                                                kind: String(
                                                    "11 < 10 = %d\\n",
                                                ),
                                            },
                                            CheckedExpr {
                                                type_id: TypeId(
                                                    1,
                                                ),
                                                lvalue: false,
                                                kind: BinOp {
                                                    lhs: CheckedExpr {
                                                        type_id: TypeId(
                                                            2,
                                                        ),
                                                        lvalue: false,
                                                        kind: Number(
                                                            11,
                                                        ),
                                                    },
                                                    op: LessThan,
                                                    rhs: CheckedExpr {
                                                        type_id: TypeId(
                                                            2,
                                                        ),
                                                        lvalue: false,
                                                        kind: Number(
                                                            10,
                                                        ),
                                                    },
                                                },
                                            },
                                        ],
                                        variadic_after: Some(
                                            1,
                                        ),
                                        stack_slot: StackSlotId(
                                            2,
                                        ),
                                    },
                                },
                            ),
                            Expr(
                                CheckedExpr {
                                    type_id: TypeId(
                                        3,
                                    ),
                                    lvalue: true,
                                    kind: DirectCall {
                                        name: "printf",
                                        params: [
                                            CheckedExpr {
                                                type_id: TypeId(
                                                    4,
                                                ),
                                                lvalue: false,
                                                kind: String(
                                                    "9 <= 10 = %d\\n",
                                                ),
                                            },
                                            CheckedExpr {
                                                type_id: TypeId(
                                                    1,
                                                ),
                                                lvalue: false,
                                                kind: BinOp {
                                                    lhs: CheckedExpr {
                                                        type_id: TypeId(
                                                            2,
                                                        ),
                                                        lvalue: false,
                                                        kind: Number(
                                                            9,
                                                        ),
                                                    },
                                                    op: LessThanOrEqual,
                                                    rhs: CheckedExpr {
                                                        type_id: TypeId(
                                                            2,
                                                        ),
                                                        lvalue: false,
                                                        kind: Number(
                                                            10,
                                                        ),
                                                    },
                                                },
                                            },
                                        ],
                                        variadic_after: Some(
                                            1,
                                        ),
                                        stack_slot: StackSlotId(
                                            3,
                                        ),
                                    },
                                },
                            ),
                            Expr(
                                CheckedExpr {
                                    type_id: TypeId(
                                        3,
                                    ),
                                    lvalue: true,
                                    kind: DirectCall {
                                        name: "printf",
                                        params: [
                                            CheckedExpr {
                                                type_id: TypeId(
                                                    4,
                                                ),
                                                lvalue: false,
                                                kind: String(
                                                    "10 <= 10 = %d\\n",
                                                ),
                                            },
                                            CheckedExpr {
                                                type_id: TypeId(
                                                    1,
                                                ),
                                                lvalue: false,
                                                kind: BinOp {
                                                    lhs: CheckedExpr {
                                                        type_id: TypeId(
                                                            2,
                                                        ),
                                                        lvalue: false,
                                                        kind: Number(
                                                            10,
                                                        ),
                                                    },
                                                    op: LessThanOrEqual,
                                                    rhs: CheckedExpr {
                                                        type_id: TypeId(
                                                            2,
                                                        ),
                                                        lvalue: false,
                                                        kind: Number(
                                                            10,
                                                        ),
                                                    },
                                                },
                                            },
                                        ],
                                        variadic_after: Some(
                                            1,
                                        ),
                                        stack_slot: StackSlotId(
                                            4,
                                        ),
                                    },
                                },
                            ),
                            Expr(
                                CheckedExpr {
                                    type_id: TypeId(
                                        3,
                                    ),
                                    lvalue: true,
                                    kind: DirectCall {
                                        name: "printf",
                                        params: [
                                            CheckedExpr {
                                                type_id: TypeId(
                                                    4,
                                                ),
                                                lvalue: false,
                                                kind: String(
                                                    "11 <= 10 = %d\\n",
                                                ),
                                            },
                                            CheckedExpr {
                                                type_id: TypeId(
                                                    1,
                                                ),
                                                lvalue: false,
                                                kind: BinOp {
                                                    lhs: CheckedExpr {
                                                        type_id: TypeId(
                                                            2,
                                                        ),
                                                        lvalue: false,
                                                        kind: Number(
                                                            11,
                                                        ),
                                                    },
                                                    op: LessThanOrEqual,
                                                    rhs: CheckedExpr {
                                                        type_id: TypeId(
                                                            2,
                                                        ),
                                                        lvalue: false,
                                                        kind: Number(
                                                            10,
                                                        ),
                                                    },
                                                },
                                            },
                                        ],
                                        variadic_after: Some(
                                            1,
                                        ),
                                        stack_slot: StackSlotId(
                                            5,
                                        ),
                                    },
                                },
                            ),
                            Expr(
                                CheckedExpr {
                                    type_id: TypeId(
                                        3,
                                    ),
                                    lvalue: true,
                                    kind: DirectCall {
                                        name: "printf",
                                        params: [
                                            CheckedExpr {
                                                type_id: TypeId(
                                                    4,
                                                ),
                                                lvalue: false,
                                                kind: String(
                                                    "9 > 10 = %d\\n",
                                                ),
                                            },
                                            CheckedExpr {
                                                type_id: TypeId(
                                                    1,
                                                ),
                                                lvalue: false,
                                                kind: BinOp {
                                                    lhs: CheckedExpr {
                                                        type_id: TypeId(
                                                            2,
                                                        ),
                                                        lvalue: false,
                                                        kind: Number(
                                                            9,
                                                        ),
                                                    },
                                                    op: GreaterThan,
                                                    rhs: CheckedExpr {
                                                        type_id: TypeId(
                                                            2,
                                                        ),
                                                        lvalue: false,
                                                        kind: Number(
                                                            10,
                                                        ),
                                                    },
                                                },
                                            },
                                        ],
                                        variadic_after: Some(
                                            1,
                                        ),
                                        stack_slot: StackSlotId(
                                            6,
                                        ),
                                    },
                                },
                            ),
                            Expr(
                                CheckedExpr {
                                    type_id: TypeId(
                                        3,
                                    ),
                                    lvalue: true,
                                    kind: DirectCall {
                                        name: "printf",
                                        params: [
                                            CheckedExpr {
                                                type_id: TypeId(
                                                    4,
                                                ),
                                                lvalue: false,
                                                kind: String(
                                                    "10 > 10 = %d\\n",
                                                ),
                                            },
                                            CheckedExpr {
                                                type_id: TypeId(
                                                    1,
                                                ),
                                                lvalue: false,
                                                kind: BinOp {
                                                    lhs: CheckedExpr {
                                                        type_id: TypeId(
                                                            2,
                                                        ),
                                                        lvalue: false,
                                                        kind: Number(
                                                            10,
                                                        ),
                                                    },
                                                    op: GreaterThan,
                                                    rhs: CheckedExpr {
                                                        type_id: TypeId(
                                                            2,
                                                        ),
                                                        lvalue: false,
                                                        kind: Number(
                                                            10,
                                                        ),
                                                    },
                                                },
                                            },
                                        ],
                                        variadic_after: Some(
                                            1,
                                        ),
                                        stack_slot: StackSlotId(
                                            7,
                                        ),
                                    },
                                },
                            ),
                            Expr(
                                CheckedExpr {
                                    type_id: TypeId(
                                        3,
                                    ),
                                    lvalue: true,
                                    kind: DirectCall {
                                        name: "printf",
                                        params: [
                                            CheckedExpr {
                                                type_id: TypeId(
                                                    4,
                                                ),
                                                lvalue: false,
                                                kind: String(
                                                    "11 > 10 = %d\\n",
                                                ),
                                            },
                                            CheckedExpr {
                                                type_id: TypeId(
                                                    1,
                                                ),
                                                lvalue: false,
                                                kind: BinOp {
                                                    lhs: CheckedExpr {
                                                        type_id: TypeId(
                                                            2,
                                                        ),
                                                        lvalue: false,
                                                        kind: Number(
                                                            11,
                                                        ),
                                                    },
                                                    op: GreaterThan,
                                                    rhs: CheckedExpr {
                                                        type_id: TypeId(
                                                            2,
                                                        ),
                                                        lvalue: false,
                                                        kind: Number(
                                                            10,
                                                        ),
                                                    },
                                                },
                                            },
                                        ],
                                        variadic_after: Some(
                                            1,
                                        ),
                                        stack_slot: StackSlotId(
                                            8,
                                        ),
                                    },
                                },
                            ),
                            Expr(
                                CheckedExpr {
                                    type_id: TypeId(
                                        3,
                                    ),
                                    lvalue: true,
                                    kind: DirectCall {
                                        name: "printf",
                                        params: [
                                            CheckedExpr {
                                                type_id: TypeId(
                                                    4,
                                                ),
                                                lvalue: false,
                                                kind: String(
                                                    "9 >= 10 = %d\\n",
                                                ),
                                            },
                                            CheckedExpr {
                                                type_id: TypeId(
                                                    1,
                                                ),
                                                lvalue: false,
                                                kind: BinOp {
                                                    lhs: CheckedExpr {
                                                        type_id: TypeId(
                                                            2,
                                                        ),
                                                        lvalue: false,
                                                        kind: Number(
                                                            9,
                                                        ),
                                                    },
                                                    op: GreaterThanOrEqual,
                                                    rhs: CheckedExpr {
                                                        type_id: TypeId(
                                                            2,
                                                        ),
                                                        lvalue: false,
                                                        kind: Number(
                                                            10,
                                                        ),
                                                    },
                                                },
                                            },
                                        ],
                                        variadic_after: Some(
                                            1,
                                        ),
                                        stack_slot: StackSlotId(
                                            9,
                                        ),
                                    },
                                },
                            ),
                            Expr(
                                CheckedExpr {
                                    type_id: TypeId(
                                        3,
                                    ),
                                    lvalue: true,
                                    kind: DirectCall {
                                        name: "printf",
                                        params: [
                                            CheckedExpr {
                                                type_id: TypeId(
                                                    4,
                                                ),
                                                lvalue: false,
                                                kind: String(
                                                    "10 >= 10 = %d\\n",
                                                ),
                                            },
                                            CheckedExpr {
                                                type_id: TypeId(
                                                    1,
                                                ),
                                                lvalue: false,
                                                kind: BinOp {
                                                    lhs: CheckedExpr {
                                                        type_id: TypeId(
                                                            2,
                                                        ),
                                                        lvalue: false,
                                                        kind: Number(
                                                            10,
                                                        ),
                                                    },
                                                    op: GreaterThanOrEqual,
                                                    rhs: CheckedExpr {
                                                        type_id: TypeId(
                                                            2,
                                                        ),
                                                        lvalue: false,
                                                        kind: Number(
                                                            10,
                                                        ),
                                                    },
                                                },
                                            },
                                        ],
                                        variadic_after: Some(
                                            1,
                                        ),
                                        stack_slot: StackSlotId(
                                            10,
                                        ),
                                    },
                                },
                            ),
                            Expr(
                                CheckedExpr {
                                    type_id: TypeId(
                                        3,
                                    ),
                                    lvalue: true,
                                    kind: DirectCall {
                                        name: "printf",
                                        params: [
                                            CheckedExpr {
                                                type_id: TypeId(
                                                    4,
                                                ),
                                                lvalue: false,
                                                kind: String(
                                                    "11 >= 10 = %d\\n",
                                                ),
                                            },
                                            CheckedExpr {
                                                type_id: TypeId(
                                                    1,
                                                ),
                                                lvalue: false,
                                                kind: BinOp {
                                                    lhs: CheckedExpr {
                                                        type_id: TypeId(
                                                            2,
                                                        ),
                                                        lvalue: false,
                                                        kind: Number(
                                                            11,
                                                        ),
                                                    },
                                                    op: GreaterThanOrEqual,
                                                    rhs: CheckedExpr {
                                                        type_id: TypeId(
                                                            2,
                                                        ),
                                                        lvalue: false,
                                                        kind: Number(
                                                            10,
                                                        ),
                                                    },
                                                },
                                            },
                                        ],
                                        variadic_after: Some(
                                            1,
                                        ),
                                        stack_slot: StackSlotId(
                                            11,
                                        ),
                                    },
                                },
                            ),
                        ],
                        last: Some(
                            CheckedExpr {
                                type_id: TypeId(
                                    2,
                                ),
                                lvalue: false,
                                kind: Number(
                                    0,
                                ),
                            },
                        ),
                        type_id: TypeId(
                            2,
                        ),
                    },
                    params: [],
                    return_type: TypeId(
                        2,
                    ),
                    stack_slots: StackSlots {
                        slots: [
                            TypeId(
                                3,
                            ),
                            TypeId(
                                3,
                            ),
                            TypeId(
                                3,
                            ),
                            TypeId(
                                3,
                            ),
                            TypeId(
                                3,
                            ),
                            TypeId(
                                3,
                            ),
                            TypeId(
                                3,
                            ),
                            TypeId(
                                3,
                            ),
                            TypeId(
                                3,
                            ),
                            TypeId(
                                3,
                            ),
                            TypeId(
                                3,
                            ),
                            TypeId(
                                3,
                            ),
                        ],
                    },
                },
            ],
        },
    ],
}
